// Jest Snapshot v1, https://goo.gl/fbAQLP

exports[`App should match snapshot 1`] = `
<v-snackbar top="true">

</v-snackbar>
`;
