// Jest Snapshot v1, https://goo.gl/fbAQLP

exports[`RemoveLocation Should match snapshot 1`] = `
<v-dialog max-width="500px">
  <v-card>
    <v-card-title>

      <v-spacer></v-spacer>
      <v-icon aria-label="Close">mdi-close</v-icon>
    </v-card-title>
    <v-card-text class="pt-0 pb-0 text-center">
      <p><span class="font-weight-bold"> </span>?</p>
    </v-card-text>
    <v-card-actions>
      <v-spacer></v-spacer>
      <v-btn color="primary" text="">
      </v-btn>
      <v-btn color="red" text="">
      </v-btn>
    </v-card-actions>
  </v-card>
</v-dialog>
`;

exports[`RemoveLocation should match snapshot 1`] = `
<v-dialog max-width="500px">
  <v-card>
    <v-card-title>

      <v-spacer></v-spacer>
      <v-icon aria-label="Close">mdi-close</v-icon>
    </v-card-title>
    <v-card-text class="pt-0 pb-0 text-center">
      <p><span class="font-weight-bold"> </span>?</p>
    </v-card-text>
    <v-card-actions>
      <v-spacer></v-spacer>
      <v-btn color="primary" text="">
      </v-btn>
      <v-btn color="red" text="">
      </v-btn>
    </v-card-actions>
  </v-card>
</v-dialog>
`;
